[INFO] [2026/05/16 20:36:12] Koneksi ke database berhasil dibuat.
[INFO] [2026/05/16 20:40:56] User berhasil melakukan export data kamar.
[INFO] [2026/05/16 20:53:48] Koneksi ke database berhasil dibuat.
[INFO] [2026/05/16 21:03:08] Koneksi ke database berhasil dibuat.
[INFO] [2026/05/16 21:07:44] Koneksi ke database berhasil dibuat.
[INFO] [2026/05/16 21:11:00] User berhasil melakukan export data kamar.
[INFO] [2026/05/17 09:11:22] Koneksi ke database berhasil dibuat.
[INFO] [2026/05/17 09:13:02] Koneksi ke database berhasil dibuat.
[ERROR] [2026/05/17 09:13:20] Error Format Angka di form kamar: For input string: "asdadsq"
[INFO] [2026/05/17 09:26:05] Koneksi ke database berhasil dibuat.
[INFO] [2026/05/17 09:41:05] Koneksi ke database berhasil dibuat.
[ERROR] [2026/05/17 09:41:19] Error Format Angka di form kamar: For input string: "adsasd"
[INFO] [2026/05/17 09:44:00] Koneksi ke database berhasil dibuat.
[INFO] [2026/05/17 09:54:54] Koneksi ke database berhasil dibuat.
[INFO] [2026/05/17 10:13:52] Koneksi ke database berhasil dibuat.
[INFO] [2026/05/17 10:14:03] User berhasil melakukan export data kamar.
[INFO] [2026/05/17 10:19:42] Koneksi ke database berhasil dibuat.
[INFO] [2026/05/17 10:49:17] Koneksi ke database berhasil dibuat.
[INFO] [2026/05/17 10:50:08] Koneksi ke database berhasil dibuat.
[INFO] [2026/05/17 11:19:14] Koneksi ke database berhasil dibuat.
[INFO] [2026/05/17 11:19:48] User baru berhasil mendaftar: rizuki
[INFO] [2026/05/17 11:22:50] Koneksi ke database berhasil dibuat.
[INFO] [2026/05/17 11:43:01] Koneksi ke database berhasil diinisiasi melalui app.properties.
[INFO] [2026/05/17 11:46:00] User baru berhasil mendaftar: admiin
[INFO] [2026/05/17 11:50:42] Koneksi ke database berhasil diinisiasi melalui app.properties.
[INFO] [2026/05/17 11:51:35] Berhasil mengedit data kamar: STD-106
